main.c:64:5:main	8	static
main.c:83:6:enable_processor_faults	16	static
main.c:92:6:HardFault_Handler	8	static
main.c:100:6:MemManage_Handler	8	static
main.c:107:6:BusFault_Handler	8	static
main.c:113:6:UsageFault_Handler	8	static
main.c:120:6:idle_task	4	static
main.c:125:6:task1_handler	8	static
main.c:136:6:task2_handler	8	static
main.c:147:6:task3_handler	8	static
main.c:158:6:task4_handler	8	static
main.c:169:6:init_systic_timer	32	static
main.c:192:27:init_scheduler_stack	0	static,ignoring_inline_asm
main.c:200:6:init_tasks_stacks	24	static
main.c:244:10:get_psp_value	4	static
main.c:248:27:switch_sp_psp	0	static,ignoring_inline_asm
main.c:264:26:PendSV_Handler	0	static,ignoring_inline_asm
main.c:282:6:SysTick_Handler	16	static
main.c:290:6:save_psp_value	16	static
main.c:296:7:update_next_task	16	static
main.c:317:6:task_delay	16	static,ignoring_inline_asm
main.c:332:6:update_global_tick_count	4	static
main.c:337:7:unblock_tasks	16	static
main.c:351:6:schedule	16	static
